<html>
<body>
<pre>
<h1>µVision Build Log</h1>
<h2>Project:</h2>
C:\Users\dawid\OneDrive\Pulpit\Studia\Programowanie_niskopoziomowe\Assembler\ARM\Projekt\ARM.uvproj
Project File Date:  11/09/2020

<h2>Output:</h2>
Build target 'Target 1'
assembling Startup.s...
assembling main.s...
linking...
.\ARM.sct(8): warning: L6314W: No section matches pattern *(InRoot$$Sections).
Program Size: Code=372 RO-data=0 RW-data=0 ZI-data=1160  
FromELF: creating hex file...
".\ARM.axf" - 0 Errors, 1 Warning(s).
Build target 'Target 1'
assembling main.s...
..\Cwiczenie6\main.s(4): error: A1163E: Unknown opcode CURR_DIG , expecting opcode or Macro
..\Cwiczenie6\main.s(25): error: A1647E: Bad register name symbol, expected Integer register
..\Cwiczenie6\main.s(27): error: A1647E: Bad register name symbol, expected Integer register
..\Cwiczenie6\main.s(28): error: A1647E: Bad register name symbol, expected Integer register
".\ARM.axf" - 4 Errors, 0 Warning(s).
Target not created
Build target 'Target 1'
assembling main.s...
..\Cwiczenie6\main.s(4): error: A1163E: Unknown opcode CURR_DIG , expecting opcode or Macro
..\Cwiczenie6\main.s(25): error: A1647E: Bad register name symbol, expected Integer register
..\Cwiczenie6\main.s(27): error: A1647E: Bad register name symbol, expected Integer register
..\Cwiczenie6\main.s(28): error: A1647E: Bad register name symbol, expected Integer register
".\ARM.axf" - 4 Errors, 0 Warning(s).
Target not created
Build target 'Target 1'
assembling main.s...
..\Cwiczenie6\main.s(27): error: A1147E: Bad shift name
".\ARM.axf" - 1 Errors, 0 Warning(s).
Target not created
Build target 'Target 1'
assembling main.s...
..\Cwiczenie6\main.s(4): error: A1163E: Unknown opcode CURR_DIG , expecting opcode or Macro
..\Cwiczenie6\main.s(25): error: A1647E: Bad register name symbol, expected Integer register
..\Cwiczenie6\main.s(27): error: A1647E: Bad register name symbol, expected Integer register
..\Cwiczenie6\main.s(28): error: A1647E: Bad register name symbol, expected Integer register
".\ARM.axf" - 4 Errors, 0 Warning(s).
Target not created
Build target 'Target 1'
assembling main.s...
..\Cwiczenie6\main.s(27): error: A1147E: Bad shift name
".\ARM.axf" - 1 Errors, 0 Warning(s).
Target not created
Build target 'Target 1'
assembling main.s...
..\Cwiczenie6\main.s(27): error: A1147E: Bad shift name
".\ARM.axf" - 1 Errors, 0 Warning(s).
Target not created
Build target 'Target 1'
assembling main.s...
..\Cwiczenie6\main.s(27): error: A1147E: Bad shift name
".\ARM.axf" - 1 Errors, 0 Warning(s).
Target not created
Build target 'Target 1'
assembling main.s...
..\Cwiczenie6\main.s(27): error: A1147E: Bad shift name
".\ARM.axf" - 1 Errors, 0 Warning(s).
Target not created
Build target 'Target 1'
assembling main.s...
..\Cwiczenie6\main.s(27): error: A1147E: Bad shift name
".\ARM.axf" - 1 Errors, 0 Warning(s).
Target not created
Build target 'Target 1'
assembling main.s...
..\Cwiczenie6\main.s(27): error: A1147E: Bad shift name
".\ARM.axf" - 1 Errors, 0 Warning(s).
Target not created
Build target 'Target 1'
assembling main.s...
linking...
.\ARM.sct(8): warning: L6314W: No section matches pattern *(InRoot$$Sections).
Program Size: Code=376 RO-data=0 RW-data=0 ZI-data=1160  
FromELF: creating hex file...
".\ARM.axf" - 0 Errors, 1 Warning(s).
Build target 'Target 1'
assembling main.s...
..\Cwiczenie6\main.s(27): error: A1147E: Bad shift name
".\ARM.axf" - 1 Errors, 0 Warning(s).
Target not created
Build target 'Target 1'
assembling main.s...
..\Cwiczenie6\main.s(27): error: A1147E: Bad shift name
".\ARM.axf" - 1 Errors, 0 Warning(s).
Target not created
Build target 'Target 1'
assembling main.s...
..\Cwiczenie6\main.s(27): error: A1147E: Bad shift name
".\ARM.axf" - 1 Errors, 0 Warning(s).
Target not created
Build target 'Target 1'
assembling main.s...
..\Cwiczenie6\main.s(27): error: A1147E: Bad shift name
".\ARM.axf" - 1 Errors, 0 Warning(s).
Target not created
Build target 'Target 1'
assembling main.s...
..\Cwiczenie6\main.s(27): error: A1147E: Bad shift name
".\ARM.axf" - 1 Errors, 0 Warning(s).
Target not created
Build target 'Target 1'
assembling main.s...
..\Cwiczenie6\main.s(27): warning: A1865W: '#' not seen before constant expression
..\Cwiczenie6\main.s(27): error: A1106E: Missing comma
".\ARM.axf" - 1 Errors, 1 Warning(s).
Target not created
Build target 'Target 1'
assembling main.s...
..\Cwiczenie6\main.s(27): error: A1154E: Unexpected operand, operator expected
".\ARM.axf" - 1 Errors, 0 Warning(s).
Target not created
Build target 'Target 1'
assembling main.s...
..\Cwiczenie6\main.s(27): error: A1147E: Bad shift name
".\ARM.axf" - 1 Errors, 0 Warning(s).
Target not created
Build target 'Target 1'
assembling main.s...
linking...
.\ARM.sct(8): warning: L6314W: No section matches pattern *(InRoot$$Sections).
Program Size: Code=380 RO-data=0 RW-data=0 ZI-data=1160  
FromELF: creating hex file...
".\ARM.axf" - 0 Errors, 1 Warning(s).
Build target 'Target 1'
assembling main.s...
linking...
.\ARM.sct(8): warning: L6314W: No section matches pattern *(InRoot$$Sections).
Program Size: Code=416 RO-data=0 RW-data=0 ZI-data=1160  
FromELF: creating hex file...
".\ARM.axf" - 0 Errors, 1 Warning(s).
Build target 'Target 1'
assembling main.s...
..\Cwiczenie6\main.s(27): error: A1517E: Unexpected operator equal to or equivalent to =
..\Cwiczenie6\main.s(28): error: A1517E: Unexpected operator equal to or equivalent to =
..\Cwiczenie6\main.s(39): error: A1106E: Missing comma
".\ARM.axf" - 3 Errors, 0 Warning(s).
Target not created
Build target 'Target 1'
assembling main.s...
..\Cwiczenie6\main.s(27): error: A1517E: Unexpected operator equal to or equivalent to =
..\Cwiczenie6\main.s(28): error: A1517E: Unexpected operator equal to or equivalent to =
..\Cwiczenie6\main.s(39): error: A1150E: Bad symbol, not defined or external
".\ARM.axf" - 3 Errors, 0 Warning(s).
Target not created
Build target 'Target 1'
assembling main.s...
..\Cwiczenie6\main.s(27): error: A1517E: Unexpected operator equal to or equivalent to =
..\Cwiczenie6\main.s(28): error: A1517E: Unexpected operator equal to or equivalent to =
".\ARM.axf" - 2 Errors, 0 Warning(s).
Target not created
Build target 'Target 1'
assembling main.s...
..\Cwiczenie6\main.s(27): error: A1517E: Unexpected operator equal to or equivalent to =
..\Cwiczenie6\main.s(28): error: A1517E: Unexpected operator equal to or equivalent to =
".\ARM.axf" - 2 Errors, 0 Warning(s).
Target not created
Build target 'Target 1'
assembling main.s...
..\Cwiczenie6\main.s(27): error: A1517E: Unexpected operator equal to or equivalent to =
..\Cwiczenie6\main.s(28): error: A1517E: Unexpected operator equal to or equivalent to =
".\ARM.axf" - 2 Errors, 0 Warning(s).
Target not created
Build target 'Target 1'
assembling main.s...
..\Cwiczenie6\main.s(27): error: A1517E: Unexpected operator equal to or equivalent to =
..\Cwiczenie6\main.s(28): error: A1517E: Unexpected operator equal to or equivalent to =
".\ARM.axf" - 2 Errors, 0 Warning(s).
Target not created
Build target 'Target 1'
assembling main.s...
..\Cwiczenie6\main.s(27): error: A1517E: Unexpected operator equal to or equivalent to =
..\Cwiczenie6\main.s(28): error: A1517E: Unexpected operator equal to or equivalent to =
".\ARM.axf" - 2 Errors, 0 Warning(s).
Target not created
Build target 'Target 1'
assembling main.s...
..\Cwiczenie6\main.s(27): error: A1517E: Unexpected operator equal to or equivalent to =
..\Cwiczenie6\main.s(28): error: A1517E: Unexpected operator equal to or equivalent to =
".\ARM.axf" - 2 Errors, 0 Warning(s).
Target not created
Build target 'Target 1'
assembling main.s...
linking...
.\ARM.sct(8): warning: L6314W: No section matches pattern *(InRoot$$Sections).
Program Size: Code=380 RO-data=0 RW-data=0 ZI-data=1160  
FromELF: creating hex file...
".\ARM.axf" - 0 Errors, 1 Warning(s).
Build target 'Target 1'
assembling main.s...
linking...
.\ARM.sct(8): warning: L6314W: No section matches pattern *(InRoot$$Sections).
Program Size: Code=416 RO-data=0 RW-data=0 ZI-data=1160  
FromELF: creating hex file...
".\ARM.axf" - 0 Errors, 1 Warning(s).
Build target 'Target 1'
assembling main.s...
linking...
.\ARM.sct(8): warning: L6314W: No section matches pattern *(InRoot$$Sections).
Program Size: Code=416 RO-data=0 RW-data=0 ZI-data=1160  
FromELF: creating hex file...
".\ARM.axf" - 0 Errors, 1 Warning(s).
Build target 'Target 1'
assembling main.s...
linking...
.\ARM.sct(8): warning: L6314W: No section matches pattern *(InRoot$$Sections).
Program Size: Code=420 RO-data=0 RW-data=0 ZI-data=1160  
FromELF: creating hex file...
".\ARM.axf" - 0 Errors, 1 Warning(s).
Build target 'Target 1'
assembling main.s...
linking...
.\ARM.sct(8): warning: L6314W: No section matches pattern *(InRoot$$Sections).
Program Size: Code=416 RO-data=0 RW-data=0 ZI-data=1160  
FromELF: creating hex file...
".\ARM.axf" - 0 Errors, 1 Warning(s).
Build target 'Target 1'
assembling main.s...
linking...
.\ARM.sct(8): warning: L6314W: No section matches pattern *(InRoot$$Sections).
Program Size: Code=416 RO-data=0 RW-data=0 ZI-data=1160  
FromELF: creating hex file...
".\ARM.axf" - 0 Errors, 1 Warning(s).
Build target 'Target 1'
assembling main.s...
..\Cwiczenie6\main.s(38): warning: A1865W: '#' not seen before constant expression
..\Cwiczenie6\main.s(38): error: A1510E: Immediate 0x00010004 cannot be represented by 0-255 and a rotation
".\ARM.axf" - 1 Errors, 1 Warning(s).
Target not created
Build target 'Target 1'
assembling main.s...
..\Cwiczenie6\main.s(38): error: A1517E: Unexpected operator equal to or equivalent to =
".\ARM.axf" - 1 Errors, 0 Warning(s).
Target not created
Build target 'Target 1'
assembling main.s...
..\Cwiczenie6\main.s(38): warning: A1865W: '#' not seen before constant expression
linking...
.\ARM.sct(8): warning: L6314W: No section matches pattern *(InRoot$$Sections).
Program Size: Code=416 RO-data=0 RW-data=0 ZI-data=1160  
FromELF: creating hex file...
".\ARM.axf" - 0 Errors, 2 Warning(s).
Build target 'Target 1'
assembling main.s...
linking...
.\ARM.sct(8): warning: L6314W: No section matches pattern *(InRoot$$Sections).
Program Size: Code=416 RO-data=0 RW-data=0 ZI-data=1160  
FromELF: creating hex file...
".\ARM.axf" - 0 Errors, 1 Warning(s).
Build target 'Target 1'
assembling main.s...
..\Cwiczenie6\main.s(38): error: A1510E: Immediate 0x00010004 cannot be represented by 0-255 and a rotation
".\ARM.axf" - 1 Errors, 0 Warning(s).
Target not created
Build target 'Target 1'
assembling main.s...
linking...
.\ARM.sct(8): warning: L6314W: No section matches pattern *(InRoot$$Sections).
Program Size: Code=412 RO-data=0 RW-data=0 ZI-data=1160  
FromELF: creating hex file...
".\ARM.axf" - 0 Errors, 1 Warning(s).
Build target 'Target 1'
assembling main.s...
linking...
.\ARM.sct(8): warning: L6314W: No section matches pattern *(InRoot$$Sections).
Program Size: Code=412 RO-data=0 RW-data=0 ZI-data=1160  
FromELF: creating hex file...
".\ARM.axf" - 0 Errors, 1 Warning(s).
Rebuild target 'Target 1'
assembling Startup.s...
assembling main.s...
linking...
.\ARM.sct(8): warning: L6314W: No section matches pattern *(InRoot$$Sections).
Program Size: Code=412 RO-data=0 RW-data=0 ZI-data=1160  
FromELF: creating hex file...
".\ARM.axf" - 0 Errors, 1 Warning(s).
Build target 'Target 1'
assembling main.s...
linking...
.\ARM.sct(8): warning: L6314W: No section matches pattern *(InRoot$$Sections).
Program Size: Code=412 RO-data=0 RW-data=0 ZI-data=1160  
FromELF: creating hex file...
".\ARM.axf" - 0 Errors, 1 Warning(s).
Build target 'Target 1'
assembling main.s...
linking...
.\ARM.sct(8): warning: L6314W: No section matches pattern *(InRoot$$Sections).
Program Size: Code=412 RO-data=0 RW-data=0 ZI-data=1160  
FromELF: creating hex file...
".\ARM.axf" - 0 Errors, 1 Warning(s).
Build target 'Target 1'
assembling main.s...
linking...
.\ARM.sct(8): warning: L6314W: No section matches pattern *(InRoot$$Sections).
Program Size: Code=412 RO-data=0 RW-data=0 ZI-data=1160  
FromELF: creating hex file...
".\ARM.axf" - 0 Errors, 1 Warning(s).
Build target 'Target 1'
assembling main.s...
linking...
.\ARM.sct(8): warning: L6314W: No section matches pattern *(InRoot$$Sections).
Program Size: Code=412 RO-data=0 RW-data=0 ZI-data=1160  
FromELF: creating hex file...
".\ARM.axf" - 0 Errors, 1 Warning(s).
Build target 'Target 1'
assembling main.s...
linking...
.\ARM.sct(8): warning: L6314W: No section matches pattern *(InRoot$$Sections).
Program Size: Code=420 RO-data=0 RW-data=0 ZI-data=1160  
FromELF: creating hex file...
".\ARM.axf" - 0 Errors, 1 Warning(s).
Build target 'Target 1'
assembling main.s...
linking...
.\ARM.sct(8): warning: L6314W: No section matches pattern *(InRoot$$Sections).
Program Size: Code=408 RO-data=0 RW-data=0 ZI-data=1160  
FromELF: creating hex file...
".\ARM.axf" - 0 Errors, 1 Warning(s).
Build target 'Target 1'
linking...
.\ARM.axf: Warning: L6665W: Neither Lib$$Request$$armlib Lib$$Request$$cpplib defined, not searching ARM libraries.
.\ARM.axf: Error: L6411E: No compatible library exists with a definition of startup symbol __main.
".\ARM.axf" - 1 Errors, 1 Warning(s).
Target not created
Build target 'Target 1'
assembling main.s...
..\Cwiczenie7\main.s(56): warning: A1581W: Added 2 bytes of padding at address 0x7a
linking...
.\ARM.sct(8): warning: L6314W: No section matches pattern *(InRoot$$Sections).
Program Size: Code=420 RO-data=0 RW-data=0 ZI-data=1160  
FromELF: creating hex file...
".\ARM.axf" - 0 Errors, 2 Warning(s).
Build target 'Target 1'
assembling main.s...
..\Cwiczenie7\main.s(60): warning: A1581W: Added 2 bytes of padding at address 0x86
linking...
.\ARM.sct(8): warning: L6314W: No section matches pattern *(InRoot$$Sections).
Program Size: Code=432 RO-data=0 RW-data=0 ZI-data=1160  
FromELF: creating hex file...
".\ARM.axf" - 0 Errors, 2 Warning(s).
Build target 'Target 1'
assembling main.s...
..\Cwiczenie8\main.s(60): warning: A1581W: Added 2 bytes of padding at address 0x86
linking...
.\ARM.sct(8): warning: L6314W: No section matches pattern *(InRoot$$Sections).
Program Size: Code=432 RO-data=0 RW-data=0 ZI-data=1160  
FromELF: creating hex file...
".\ARM.axf" - 0 Errors, 2 Warning(s).
Build target 'Target 1'
assembling main.s...
..\Cwiczenie8\main.s(63): warning: A1581W: Added 2 bytes of padding at address 0x8e
linking...
.\ARM.sct(8): warning: L6314W: No section matches pattern *(InRoot$$Sections).
Program Size: Code=440 RO-data=0 RW-data=0 ZI-data=1160  
FromELF: creating hex file...
".\ARM.axf" - 0 Errors, 2 Warning(s).
Build target 'Target 1'
assembling main.s...
..\Cwiczenie8\main.s(64): warning: A1581W: Added 2 bytes of padding at address 0x92
linking...
.\ARM.sct(8): warning: L6314W: No section matches pattern *(InRoot$$Sections).
Program Size: Code=444 RO-data=0 RW-data=0 ZI-data=1160  
FromELF: creating hex file...
".\ARM.axf" - 0 Errors, 2 Warning(s).
Build target 'Target 1'
assembling main.s...
..\Cwiczenie8\main.s(69): warning: A1581W: Added 2 bytes of padding at address 0xa2
linking...
.\ARM.sct(8): warning: L6314W: No section matches pattern *(InRoot$$Sections).
Program Size: Code=468 RO-data=0 RW-data=0 ZI-data=1160  
FromELF: creating hex file...
".\ARM.axf" - 0 Errors, 2 Warning(s).
Build target 'Target 1'
assembling main.s...
..\Cwiczenie8\main.s(69): warning: A1581W: Added 2 bytes of padding at address 0xa2
linking...
.\ARM.sct(8): warning: L6314W: No section matches pattern *(InRoot$$Sections).
Program Size: Code=468 RO-data=0 RW-data=0 ZI-data=1160  
FromELF: creating hex file...
".\ARM.axf" - 0 Errors, 2 Warning(s).
Build target 'Target 1'
assembling main.s...
..\Cwiczenie9\main.s(81): warning: A1581W: Added 2 bytes of padding at address 0xc2
linking...
.\ARM.sct(8): warning: L6314W: No section matches pattern *(InRoot$$Sections).
Program Size: Code=496 RO-data=0 RW-data=0 ZI-data=1160  
FromELF: creating hex file...
".\ARM.axf" - 0 Errors, 2 Warning(s).
Build target 'Target 1'
assembling main.s...
..\Cwiczenie9\main.s(90): warning: A1581W: Added 2 bytes of padding at address 0xde
linking...
.\ARM.sct(8): warning: L6314W: No section matches pattern *(InRoot$$Sections).
Program Size: Code=524 RO-data=0 RW-data=0 ZI-data=1160  
FromELF: creating hex file...
".\ARM.axf" - 0 Errors, 2 Warning(s).
Build target 'Target 1'
assembling main.s...
..\Cwiczenie9\main.s(90): warning: A1581W: Added 2 bytes of padding at address 0xde
linking...
.\ARM.sct(8): warning: L6314W: No section matches pattern *(InRoot$$Sections).
Program Size: Code=524 RO-data=0 RW-data=0 ZI-data=1160  
FromELF: creating hex file...
".\ARM.axf" - 0 Errors, 2 Warning(s).
Build target 'Target 1'
assembling main.s...
..\Cwiczenie9\main.s(88): error: A1110E: Expected constant expression
".\ARM.axf" - 1 Errors, 0 Warning(s).
Target not created
Build target 'Target 1'
assembling main.s...
..\Cwiczenie9\main.s(91): warning: A1581W: Added 2 bytes of padding at address 0xde
linking...
.\ARM.sct(8): warning: L6314W: No section matches pattern *(InRoot$$Sections).
Program Size: Code=524 RO-data=0 RW-data=0 ZI-data=1160  
FromELF: creating hex file...
".\ARM.axf" - 0 Errors, 2 Warning(s).
Build target 'Target 1'
assembling main.s...
..\Cwiczenie9\main.s(91): warning: A1581W: Added 2 bytes of padding at address 0xde
linking...
.\ARM.sct(8): warning: L6314W: No section matches pattern *(InRoot$$Sections).
Program Size: Code=524 RO-data=0 RW-data=0 ZI-data=1160  
FromELF: creating hex file...
".\ARM.axf" - 0 Errors, 2 Warning(s).
Build target 'Target 1'
assembling main.s...
..\Cwiczenie9\main.s(82): warning: A1581W: Added 2 bytes of padding at address 0xc2
linking...
.\ARM.sct(8): warning: L6314W: No section matches pattern *(InRoot$$Sections).
Program Size: Code=496 RO-data=0 RW-data=0 ZI-data=1160  
FromELF: creating hex file...
".\ARM.axf" - 0 Errors, 2 Warning(s).
Build target 'Target 1'
assembling main.s...
..\Cwiczenie9\main.s(82): warning: A1581W: Added 2 bytes of padding at address 0xc2
linking...
.\ARM.sct(8): warning: L6314W: No section matches pattern *(InRoot$$Sections).
Program Size: Code=496 RO-data=0 RW-data=0 ZI-data=1160  
FromELF: creating hex file...
".\ARM.axf" - 0 Errors, 2 Warning(s).
Build target 'Target 1'
assembling main.s...
..\Cwiczenie10\main.s(95): warning: A1581W: Added 2 bytes of padding at address 0xf2
linking...
.\ARM.sct(8): warning: L6314W: No section matches pattern *(InRoot$$Sections).
Program Size: Code=544 RO-data=0 RW-data=0 ZI-data=1160  
FromELF: creating hex file...
".\ARM.axf" - 0 Errors, 2 Warning(s).
Build target 'Target 1'
assembling main.s...
..\Cwiczenie10\main.s(94): warning: A1581W: Added 2 bytes of padding at address 0xf2
linking...
.\ARM.sct(8): warning: L6314W: No section matches pattern *(InRoot$$Sections).
Program Size: Code=544 RO-data=0 RW-data=0 ZI-data=1160  
FromELF: creating hex file...
".\ARM.axf" - 0 Errors, 2 Warning(s).
Build target 'Target 1'
assembling main.s...
..\Cwiczenie10\main.s(94): warning: A1581W: Added 2 bytes of padding at address 0xf2
linking...
.\ARM.sct(8): warning: L6314W: No section matches pattern *(InRoot$$Sections).
Program Size: Code=544 RO-data=0 RW-data=0 ZI-data=1160  
FromELF: creating hex file...
".\ARM.axf" - 0 Errors, 2 Warning(s).
Build target 'Target 1'
assembling main.s...
linking...
.\ARM.sct(8): warning: L6314W: No section matches pattern *(InRoot$$Sections).
Program Size: Code=288 RO-data=0 RW-data=0 ZI-data=1160  
FromELF: creating hex file...
".\ARM.axf" - 0 Errors, 1 Warning(s).
Build target 'Target 1'
assembling main.s...
linking...
.\ARM.sct(8): warning: L6314W: No section matches pattern *(InRoot$$Sections).
Program Size: Code=288 RO-data=0 RW-data=0 ZI-data=1160  
FromELF: creating hex file...
".\ARM.axf" - 0 Errors, 1 Warning(s).
Build target 'Target 1'
assembling main.s...
..\Cwiczenie1\main.s(15): error: A1163E: Unknown opcode BEN , expecting opcode or Macro
".\ARM.axf" - 1 Errors, 0 Warning(s).
Target not created
Build target 'Target 1'
assembling main.s...
..\Cwiczenie1\main.s(15): error: A1163E: Unknown opcode BEN , expecting opcode or Macro
".\ARM.axf" - 1 Errors, 0 Warning(s).
Target not created
Build target 'Target 1'
assembling main.s...
linking...
.\ARM.sct(8): warning: L6314W: No section matches pattern *(InRoot$$Sections).
Program Size: Code=284 RO-data=0 RW-data=0 ZI-data=1160  
FromELF: creating hex file...
".\ARM.axf" - 0 Errors, 1 Warning(s).
Build target 'Target 1'
assembling main.s...
linking...
.\ARM.sct(8): warning: L6314W: No section matches pattern *(InRoot$$Sections).
Program Size: Code=284 RO-data=0 RW-data=0 ZI-data=1160  
FromELF: creating hex file...
".\ARM.axf" - 0 Errors, 1 Warning(s).
Build target 'Target 1'
assembling main.s...
linking...
.\ARM.sct(8): warning: L6314W: No section matches pattern *(InRoot$$Sections).
Program Size: Code=292 RO-data=0 RW-data=0 ZI-data=1160  
FromELF: creating hex file...
".\ARM.axf" - 0 Errors, 1 Warning(s).
Build target 'Target 1'
assembling main.s...
linking...
.\ARM.sct(8): warning: L6314W: No section matches pattern *(InRoot$$Sections).
Program Size: Code=296 RO-data=0 RW-data=0 ZI-data=1160  
FromELF: creating hex file...
".\ARM.axf" - 0 Errors, 1 Warning(s).
Build target 'Target 1'
assembling main.s...
linking...
.\ARM.sct(8): warning: L6314W: No section matches pattern *(InRoot$$Sections).
Program Size: Code=296 RO-data=0 RW-data=0 ZI-data=1160  
FromELF: creating hex file...
".\ARM.axf" - 0 Errors, 1 Warning(s).
Build target 'Target 1'
assembling main.s...
linking...
.\ARM.sct(8): warning: L6314W: No section matches pattern *(InRoot$$Sections).
Program Size: Code=300 RO-data=0 RW-data=0 ZI-data=1160  
FromELF: creating hex file...
".\ARM.axf" - 0 Errors, 1 Warning(s).
Build target 'Target 1'
assembling main.s...
linking...
.\ARM.sct(8): warning: L6314W: No section matches pattern *(InRoot$$Sections).
Program Size: Code=300 RO-data=0 RW-data=0 ZI-data=1160  
FromELF: creating hex file...
".\ARM.axf" - 0 Errors, 1 Warning(s).
Build target 'Target 1'
assembling main.s...
linking...
.\ARM.sct(8): warning: L6314W: No section matches pattern *(InRoot$$Sections).
Program Size: Code=296 RO-data=0 RW-data=0 ZI-data=1160  
FromELF: creating hex file...
".\ARM.axf" - 0 Errors, 1 Warning(s).
Build target 'Target 1'
assembling main.s...
linking...
.\ARM.sct(8): warning: L6314W: No section matches pattern *(InRoot$$Sections).
Program Size: Code=308 RO-data=0 RW-data=0 ZI-data=1160  
FromELF: creating hex file...
".\ARM.axf" - 0 Errors, 1 Warning(s).
Build target 'Target 1'
assembling main.s...
linking...
.\ARM.sct(8): warning: L6314W: No section matches pattern *(InRoot$$Sections).
Program Size: Code=340 RO-data=0 RW-data=0 ZI-data=1160  
FromELF: creating hex file...
".\ARM.axf" - 0 Errors, 1 Warning(s).
Build target 'Target 1'
assembling main.s...
linking...
.\ARM.sct(8): warning: L6314W: No section matches pattern *(InRoot$$Sections).
Program Size: Code=372 RO-data=0 RW-data=0 ZI-data=1160  
FromELF: creating hex file...
".\ARM.axf" - 0 Errors, 1 Warning(s).
Build target 'Target 1'
assembling main.s...
..\Cwiczenie7\main.s(59): warning: A1581W: Added 2 bytes of padding at address 0x86
linking...
.\ARM.sct(8): warning: L6314W: No section matches pattern *(InRoot$$Sections).
Program Size: Code=432 RO-data=0 RW-data=0 ZI-data=1160  
FromELF: creating hex file...
".\ARM.axf" - 0 Errors, 2 Warning(s).
Build target 'Target 1'
assembling main.s...
..\Cwiczenie7\main.s(59): warning: A1581W: Added 2 bytes of padding at address 0x86
linking...
.\ARM.sct(8): warning: L6314W: No section matches pattern *(InRoot$$Sections).
Program Size: Code=432 RO-data=0 RW-data=0 ZI-data=1160  
FromELF: creating hex file...
".\ARM.axf" - 0 Errors, 2 Warning(s).
Build target 'Target 1'
assembling main.s...
..\Cwiczenie7\main.s(4): error: A1163E: Unknown opcode CURR_DIG , expecting opcode or Macro
..\Cwiczenie7\main.s(24): error: A1647E: Bad register name symbol, expected Integer register
..\Cwiczenie7\main.s(37): warning: A1865W: '#' not seen before constant expression
..\Cwiczenie7\main.s(37): error: A1482E: Shift option out of range, allowable values are from 1 to 32
..\Cwiczenie7\main.s(40): error: A1647E: Bad register name symbol, expected Integer register
..\Cwiczenie7\main.s(41): error: A1647E: Bad register name symbol, expected Integer register
..\Cwiczenie7\main.s(42): error: A1647E: Bad register name symbol, expected Integer register
".\ARM.axf" - 6 Errors, 1 Warning(s).
Target not created
Build target 'Target 1'
assembling main.s...
..\Cwiczenie7\main.s(59): warning: A1581W: Added 2 bytes of padding at address 0x86
linking...
.\ARM.sct(8): warning: L6314W: No section matches pattern *(InRoot$$Sections).
Program Size: Code=432 RO-data=0 RW-data=0 ZI-data=1160  
FromELF: creating hex file...
".\ARM.axf" - 0 Errors, 2 Warning(s).
Build target 'Target 1'
assembling main.s...
..\Cwiczenie8\main.s(64): warning: A1581W: Added 2 bytes of padding at address 0x96
linking...
.\ARM.sct(8): warning: L6314W: No section matches pattern *(InRoot$$Sections).
Program Size: Code=452 RO-data=0 RW-data=0 ZI-data=1160  
FromELF: creating hex file...
".\ARM.axf" - 0 Errors, 2 Warning(s).
Build target 'Target 1'
assembling main.s...
..\Cwiczenie8\main.s(65): warning: A1581W: Added 2 bytes of padding at address 0x96
linking...
.\ARM.sct(8): warning: L6314W: No section matches pattern *(InRoot$$Sections).
Program Size: Code=452 RO-data=0 RW-data=0 ZI-data=1160  
FromELF: creating hex file...
".\ARM.axf" - 0 Errors, 2 Warning(s).
Build target 'Target 1'
assembling main.s...
..\Cwiczenie9\main.s(82): warning: A1581W: Added 2 bytes of padding at address 0xc2
linking...
.\ARM.sct(8): warning: L6314W: No section matches pattern *(InRoot$$Sections).
Program Size: Code=496 RO-data=0 RW-data=0 ZI-data=1160  
FromELF: creating hex file...
".\ARM.axf" - 0 Errors, 2 Warning(s).
Build target 'Target 1'
assembling main.s...
..\Cwiczenie10\main.s(94): warning: A1581W: Added 2 bytes of padding at address 0xf2
linking...
.\ARM.sct(8): warning: L6314W: No section matches pattern *(InRoot$$Sections).
Program Size: Code=544 RO-data=0 RW-data=0 ZI-data=1160  
FromELF: creating hex file...
".\ARM.axf" - 0 Errors, 2 Warning(s).
Build target 'Target 1'
assembling main.s...
..\Cwiczenie10\main.s(94): warning: A1581W: Added 2 bytes of padding at address 0xf2
linking...
.\ARM.sct(8): warning: L6314W: No section matches pattern *(InRoot$$Sections).
Program Size: Code=544 RO-data=0 RW-data=0 ZI-data=1160  
FromELF: creating hex file...
".\ARM.axf" - 0 Errors, 2 Warning(s).
